// Jest Snapshot v1, https://goo.gl/fbAQLP

exports[`Pruebas de  <AddCategory/> Debe de mostarse Correctamente  1`] = `
<form
  onSubmit={[Function]}
>
  <p />
  <input
    onChange={[Function]}
    placeholder="Busca tu Personaje"
    type="text"
    value=""
  />
</form>
`;
